#-----------------------------------------------------------
# Vivado v2018.3 (64-bit)
# SW Build 2405991 on Thu Dec  6 23:38:27 MST 2018
# IP Build 2404404 on Fri Dec  7 01:43:56 MST 2018
# Start of session at: Fri May  3 09:51:19 2019
# Process ID: 1556
# Current directory: C:/Users/acbotto/Desktop/FPGA/FPGA-Speech-Recognition-master
# Command line: vivado.exe -gui_launcher_event rodinguilauncherevent2960 C:\Users\acbotto\Desktop\FPGA\FPGA-Speech-Recognition-master\FPGA-Speech-Recognition-master.xpr
# Log file: C:/Users/acbotto/Desktop/FPGA/FPGA-Speech-Recognition-master/vivado.log
# Journal file: C:/Users/acbotto/Desktop/FPGA/FPGA-Speech-Recognition-master\vivado.jou
#-----------------------------------------------------------
start_gui
open_project C:/Users/acbotto/Desktop/FPGA/FPGA-Speech-Recognition-master/FPGA-Speech-Recognition-master.xpr
update_compile_order -fileset sources_1
export_ip_user_files -of_objects  [get_files C:/Users/acbotto/Downloads/FPGA-Speech-Recognition-master/VHDL/Voice_Recognition.vhd] -no_script -reset -force -quiet
export_ip_user_files -of_objects  [get_files C:/Users/acbotto/Downloads/FPGA-Speech-Recognition-master/VHDL/uart.vhd] -no_script -reset -force -quiet
remove_files  {C:/Users/acbotto/Downloads/FPGA-Speech-Recognition-master/VHDL/Voice_Recognition.vhd C:/Users/acbotto/Downloads/FPGA-Speech-Recognition-master/VHDL/uart.vhd}
update_compile_order -fileset sources_1
update_compile_order -fileset sources_1
export_ip_user_files -of_objects  [get_files C:/Users/acbotto/Downloads/FPGA-Speech-Recognition-master/VHDL/uart_rx.vhd] -no_script -reset -force -quiet
export_ip_user_files -of_objects  [get_files C:/Users/acbotto/Downloads/FPGA-Speech-Recognition-master/VHDL/uart_tx.vhd] -no_script -reset -force -quiet
remove_files  {C:/Users/acbotto/Downloads/FPGA-Speech-Recognition-master/VHDL/uart_rx.vhd C:/Users/acbotto/Downloads/FPGA-Speech-Recognition-master/VHDL/uart_tx.vhd}
update_compile_order -fileset sources_1
export_ip_user_files -of_objects  [get_files C:/Users/acbotto/Downloads/FPGA-Speech-Recognition-master/VHDL/uart_parity.vhd] -no_script -reset -force -quiet
remove_files  C:/Users/acbotto/Downloads/FPGA-Speech-Recognition-master/VHDL/uart_parity.vhd
add_files -norecurse {C:/Users/acbotto/Downloads/FPGA-Speech-Recognition-master/FPGA-Speech-Recognition-master/VHDL/uart_parity.vhd C:/Users/acbotto/Downloads/FPGA-Speech-Recognition-master/FPGA-Speech-Recognition-master/VHDL/Voice_Recognition.vhd C:/Users/acbotto/Downloads/FPGA-Speech-Recognition-master/FPGA-Speech-Recognition-master/VHDL/uart.vhd C:/Users/acbotto/Downloads/FPGA-Speech-Recognition-master/FPGA-Speech-Recognition-master/VHDL/uart_rx.vhd C:/Users/acbotto/Downloads/FPGA-Speech-Recognition-master/FPGA-Speech-Recognition-master/VHDL/uart_tx.vhd}
update_compile_order -fileset sources_1
update_compile_order -fileset sources_1
reset_run synth_1
launch_runs synth_1 -jobs 4
wait_on_run synth_1
